<html>
<body>
<pre>
<h1>µVision Build Log</h1>
<h2>Tool Versions:</h2>
IDE-Version: ¦ÌVision V5.17.0.0
Copyright (C) 2015 ARM Ltd and ARM Germany GmbH. All rights reserved.
License Information:  ,  , LIC=ZB456-DPD5K-XU141-CJ6PL-PI1F5-ER5T0
 
Tool Versions:
Toolchain:       MDK-ARM Standard  Version: 5.17
Toolchain Path:  C:\Keil_v5\ARM\ARMCC\Bin
C Compiler:      Armcc.exe V5.06 update 1 (build 61)
Assembler:       Armasm.exe V5.06 update 1 (build 61)
Linker/Locator:  ArmLink.exe V5.06 update 1 (build 61)
Library Manager: ArmAr.exe V5.06 update 1 (build 61)
Hex Converter:   FromElf.exe V5.06 update 1 (build 61)
CPU DLL:         SARMCM3.DLL V5.17
Dialog DLL:      DARMCM1.DLL V1.12.0.0
Target DLL:      STLink\ST-LINKIII-KEIL_SWO.dll V2.0.18.0
Dialog DLL:      TARMCM1.DLL V1.9.0.0
 
<h2>Project:</h2>
D:\Bory\GSM_DATA_MODULE\CODE_GSM_DATA_MODULE_GPRS_DEMO\f030_arduino_iot_gsm_shield.uvprojx
Project File Date:  06/13/2016

<h2>Output:</h2>
*** Using Compiler 'V5.06 update 1 (build 61)', folder: 'C:\Keil_v5\ARM\ARMCC\Bin'
Build target 'Target 1'
assembling startup_stm32f030x8.s...
compiling stm32f0xx_gpio.c...
compiling main.c...
compiling stm32f0xx_misc.c...
compiling system_stm32f0xx.c...
compiling stm32f0xx_flash.c...
compiling stm32f0xx_usart.c...
compiling stm32f0xx_rcc.c...
linking...
Program Size: Code=4976 RO-data=212 RW-data=40 ZI-data=6752  
After Build - User command #1: fromelf.exe --bin -o output.bin ./objects/f030_arduino_iot_gsm_shield.axf
".\Objects\f030_arduino_iot_gsm_shield.axf" - 0 Error(s), 0 Warning(s).

<h2>Software Packages used:</h2>

Package Vendor: ARM
                http://www.keil.com/pack/ARM.CMSIS.4.5.0.pack
                ARM::CMSIS:CORE:4.3.0
                CMSIS (Cortex Microcontroller Software Interface Standard)
   * Component: CORE Version: 4.3.0

Package Vendor: Keil
                http://www.keil.com/pack/Keil.STM32F0xx_DFP.1.5.0.pack
                Keil::Device:Startup:2.2.3
                STMicroelectronics STM32F0 Series Device Support and Examples
   * Component: Startup Version: 2.2.3

<h2>Collection of Component include folders:</h2>
  D:\Bory\GSM_DATA_MODULE\CODE_GSM_DATA_MODULE_GPRS_DEMO\RTE
  C:\Keil_v5\ARM\PACK\ARM\CMSIS\4.5.0\CMSIS\Include
  C:\Keil_v5\ARM\PACK\Keil\STM32F0xx_DFP\1.5.0\Device\Include

<h2>Collection of Component Files used:</h2>

   * Component: ARM::CMSIS:CORE:4.3.0

   * Component: Keil::Device:Startup:2.2.3
      Source file:   Device\Source\system_stm32f0xx.c
      Source file:   Device\Source\ARM\STM32F0xx_OPT.s
      Source file:   Device\Source\ARM\startup_stm32f030x8.s
Build Time Elapsed:  00:00:03
</pre>
</body>
</html>
