###############################################################################
#
# IAR ELF Linker V7.40.5.9725/W32 for ARM                 14/Jun/2017  15:01:51
# Copyright 2007-2015 IAR Systems AB.
#
#    Output file  =  C:\Users\Wei\Desktop\ntrip_wei\EWARM\Debug\Exe\ntrip.out
#    Map file     =  C:\Users\Wei\Desktop\ntrip_wei\EWARM\Debug\List\ntrip.map
#    Command line =  
#        C:\Users\Wei\Desktop\ntrip_wei\EWARM\Debug\Obj\main.o
#        C:\Users\Wei\Desktop\ntrip_wei\qxwz_sdk_iar_stm32\rtcm.a
#        C:\Users\Wei\Desktop\ntrip_wei\EWARM\Debug\Obj\startup_stm32f0xx.o
#        C:\Users\Wei\Desktop\ntrip_wei\EWARM\Debug\Obj\stm32f0xx_flash.o
#        C:\Users\Wei\Desktop\ntrip_wei\EWARM\Debug\Obj\stm32f0xx_gpio.o
#        C:\Users\Wei\Desktop\ntrip_wei\EWARM\Debug\Obj\stm32f0xx_it.o
#        C:\Users\Wei\Desktop\ntrip_wei\EWARM\Debug\Obj\stm32f0xx_misc.o
#        C:\Users\Wei\Desktop\ntrip_wei\EWARM\Debug\Obj\stm32f0xx_rcc.o
#        C:\Users\Wei\Desktop\ntrip_wei\EWARM\Debug\Obj\stm32f0xx_usart.o
#        C:\Users\Wei\Desktop\ntrip_wei\EWARM\Debug\Obj\system_stm32f0xx.o -o
#        C:\Users\Wei\Desktop\ntrip_wei\EWARM\Debug\Exe\ntrip.out --map
#        C:\Users\Wei\Desktop\ntrip_wei\EWARM\Debug\List\ntrip.map --config
#        "C:\Program Files (x86)\IAR Systems\Embedded Workbench
#        7.2_2\arm\config\linker\ST\stm32f030x8.icf" --semihosting --entry
#        __iar_program_start --vfe
#
###############################################################################

*******************************************************************************
*** RUNTIME MODEL ATTRIBUTES
***

CppFlavor       = *
__SystemLibrary = DLib


*******************************************************************************
*** PLACEMENT SUMMARY
***

"A1":  place at 0x08000000 { ro section .intvec };
"P1":  place in [from 0x08000000 to 0x0800ffff] { ro };
"P2":  place in [from 0x20000000 to 0x20001fff] { rw, block CSTACK, block HEAP };

  Section            Kind        Address    Size  Object
  -------            ----        -------    ----  ------
"A1":                                       0xc0
  .intvec            ro code  0x08000000    0xc0  startup_stm32f0xx.o [1]
                            - 0x080000c0    0xc0

"P1":                                     0x1384
  .text              ro code  0x080000c0   0x728  main.o [1]
  .text              ro code  0x080007e8   0x290  stm32f0xx_rcc.o [1]
  .text              ro code  0x08000a78   0x106  stm32f0xx_gpio.o [1]
  .text              ro code  0x08000b7e     0xa  xsprout.o [3]
  .text              ro code  0x08000b88    0x74  stm32f0xx_misc.o [1]
  .text              ro code  0x08000bfc   0x1da  stm32f0xx_usart.o [1]
  .text              ro code  0x08000dd6     0x2  startup_stm32f0xx.o [1]
  .text              ro code  0x08000dd8    0x38  sprintf.o [3]
  .text              ro code  0x08000e10    0xae  I32DivModFast.o [4]
  .text              ro code  0x08000ebe   0x184  xprintftiny.o [3]
  .text              ro code  0x08001042     0x2  startup_stm32f0xx.o [1]
  .text              ro code  0x08001044     0x2  IntDivZer.o [4]
  .text              ro code  0x08001046    0x10  strlen.o [4]
  .text              ro code  0x08001056     0x2  startup_stm32f0xx.o [1]
  .text              ro code  0x08001058   0x164  system_stm32f0xx.o [1]
  .text              ro code  0x080011bc    0x3c  startup_stm32f0xx.o [1]
  .text              ro code  0x080011f8    0x3c  zero_init3.o [4]
  .text              ro code  0x08001234    0x30  copy_init3.o [4]
  .rodata            const    0x08001264    0x2c  main.o [1]
  .text              ro code  0x08001290    0x28  data_init.o [4]
  .rodata            const    0x080012b8    0x24  main.o [1]
  .iar.init_table    const    0x080012dc    0x24  - Linker created -
  .rodata            const    0x08001300    0x20  main.o [1]
  .rodata            const    0x08001320    0x20  main.o [1]
  .text              ro code  0x08001340    0x1a  cmain.o [4]
  .text              ro code  0x0800135a     0x4  low_level_init.o [3]
  .text              ro code  0x0800135e     0x8  exit.o [3]
  .text              ro code  0x08001366     0x2  startup_stm32f0xx.o [1]
  .text              ro code  0x08001368     0xa  cexit.o [4]
  .text              ro code  0x08001372     0x2  startup_stm32f0xx.o [1]
  .text              ro code  0x08001374    0x14  exit.o [5]
  .rodata            const    0x08001388    0x10  main.o [1]
  .rodata            const    0x08001398    0x10  main.o [1]
  .rodata            const    0x080013a8    0x10  main.o [1]
  .rodata            const    0x080013b8     0xc  main.o [1]
  .rodata            const    0x080013c4     0xc  main.o [1]
  .text              ro code  0x080013d0     0xc  stm32f0xx_it.o [1]
  .text              ro code  0x080013dc     0xc  cstartup_M.o [4]
  .rodata            const    0x080013e8     0x8  main.o [1]
  .rodata            const    0x080013f0     0x8  main.o [1]
  .rodata            const    0x080013f8     0x8  main.o [1]
  .rodata            const    0x08001400     0x8  main.o [1]
  .text              ro code  0x08001408     0x2  startup_stm32f0xx.o [1]
  .text              ro code  0x0800140a     0x2  startup_stm32f0xx.o [1]
  .text              ro code  0x0800140c     0x2  startup_stm32f0xx.o [1]
  .text              ro code  0x0800140e     0x2  startup_stm32f0xx.o [1]
  .text              ro code  0x08001410     0x2  startup_stm32f0xx.o [1]
  .text              ro code  0x08001412     0x2  startup_stm32f0xx.o [1]
  .text              ro code  0x08001414     0x2  startup_stm32f0xx.o [1]
  .text              ro code  0x08001416     0x2  startup_stm32f0xx.o [1]
  .text              ro code  0x08001418     0x2  startup_stm32f0xx.o [1]
  .text              ro code  0x0800141a     0x2  startup_stm32f0xx.o [1]
  .text              ro code  0x0800141c     0x2  startup_stm32f0xx.o [1]
  .text              ro code  0x0800141e     0x2  startup_stm32f0xx.o [1]
  .text              ro code  0x08001420     0x2  startup_stm32f0xx.o [1]
  .text              ro code  0x08001422     0x2  startup_stm32f0xx.o [1]
  .text              ro code  0x08001424     0x2  startup_stm32f0xx.o [1]
  .text              ro code  0x08001426     0x2  startup_stm32f0xx.o [1]
  .text              ro code  0x08001428     0x2  startup_stm32f0xx.o [1]
  .text              ro code  0x0800142a     0x2  startup_stm32f0xx.o [1]
  .text              ro code  0x0800142c     0x2  startup_stm32f0xx.o [1]
  .text              ro code  0x0800142e     0x2  startup_stm32f0xx.o [1]
  .text              ro code  0x08001430     0x2  startup_stm32f0xx.o [1]
  .text              ro code  0x08001432     0x2  startup_stm32f0xx.o [1]
  .rodata            const    0x08001434     0x0  zero_init3.o [4]
  .rodata            const    0x08001434     0x0  copy_init3.o [4]
  Initializer bytes  const    0x08001434    0x10  <for P2 s0>
                            - 0x08001444  0x1384

"P2":                                     0x1c28
  P2 s0                       0x20000000    0x10  <Init block>
    .data            inited   0x20000000    0x10  stm32f0xx_rcc.o [1]
  .bss               zero     0x20000010   0x800  main.o [1]
  .bss               zero     0x20000810   0x800  main.o [1]
  .bss               zero     0x20001010   0x400  main.o [1]
  .bss               zero     0x20001410     0x4  main.o [1]
  .bss               zero     0x20001414     0x4  main.o [1]
  .bss               zero     0x20001418     0x4  main.o [1]
  .bss               zero     0x2000141c     0x4  main.o [1]
  .bss               zero     0x20001420     0x1  main.o [1]
  .bss               zero     0x20001421     0x1  main.o [1]
  CSTACK                      0x20001428   0x800  <Block>
    CSTACK           uninit   0x20001428   0x800  <Block tail>
                            - 0x20001c28  0x1c28


*******************************************************************************
*** INIT TABLE
***

          Address     Size
          -------     ----
Zero (__iar_zero_init3)
    1 destination range, total size 0x1412:
          0x20000010  0x1412

Copy (__iar_copy_init3)
    1 source range, total size 0x10:
          0x08001434    0x10
    1 destination range, total size 0x10:
          0x20000000    0x10



*******************************************************************************
*** MODULE SUMMARY
***

    Module               ro code  ro data  rw data
    ------               -------  -------  -------
C:\Users\Wei\Desktop\ntrip_wei\EWARM\Debug\Obj: [1]
    main.o                 1 832      248    5 138
    startup_stm32f0xx.o      306
    stm32f0xx_gpio.o         262
    stm32f0xx_it.o            12
    stm32f0xx_misc.o         116
    stm32f0xx_rcc.o          656       16       16
    stm32f0xx_usart.o        474
    system_stm32f0xx.o       356
    ----------------------------------------------
    Total:                 4 014      264    5 154

command line: [2]
    ----------------------------------------------
    Total:

dl6M_tln.a: [3]
    exit.o                     8
    low_level_init.o           4
    sprintf.o                 56
    xprintftiny.o            388
    xsprout.o                 10
    ----------------------------------------------
    Total:                   466

rt6M_tl.a: [4]
    I32DivModFast.o          174
    IntDivZer.o                2
    cexit.o                   10
    cmain.o                   26
    copy_init3.o              48
    cstartup_M.o              12
    data_init.o               40
    strlen.o                  16
    zero_init3.o              60
    ----------------------------------------------
    Total:                   388

shb_l.a: [5]
    exit.o                    20
    ----------------------------------------------
    Total:                    20

    Linker created                     36    2 048
--------------------------------------------------
    Grand Total:           4 888      300    7 202


*******************************************************************************
*** ENTRY LIST
***

Entry                      Address   Size  Type      Object
-----                      -------   ----  ----      ------
.iar.init_table$$Base   0x080012dc          --   Gb  - Linker created -
.iar.init_table$$Limit  0x08001300          --   Gb  - Linker created -
?main                   0x08001341         Code  Gb  cmain.o [4]
APBAHBPrescTable        0x20000000   0x10  Data  Lc  stm32f0xx_rcc.o [1]
CSTACK$$Base            0x20001428          --   Gb  - Linker created -
CSTACK$$Limit           0x20001c28          --   Gb  - Linker created -
GPIO_Init               0x08000a79   0xa0  Code  Gb  stm32f0xx_gpio.o [1]
GPIO_PinAFConfig        0x08000b23   0x5c  Code  Gb  stm32f0xx_gpio.o [1]
GPIO_ResetBits          0x08000b1f    0x4  Code  Gb  stm32f0xx_gpio.o [1]
GPIO_SetBits            0x08000b19    0x6  Code  Gb  stm32f0xx_gpio.o [1]
GPIO_init               0x080001d7  0x11c  Code  Gb  main.o [1]
HardFault_Handler       0x080013d3    0x4  Code  Gb  stm32f0xx_it.o [1]
NMI_Handler             0x080013d1    0x2  Code  Gb  stm32f0xx_it.o [1]
NVIC_Init               0x08000b89   0x68  Code  Gb  stm32f0xx_misc.o [1]
NVIC_SetPriority        0x080000c1   0x84  Code  Lc  main.o [1]
NVIC_init               0x080002f3   0x34  Code  Gb  main.o [1]
PendSV_Handler          0x080013d9    0x2  Code  Gb  stm32f0xx_it.o [1]
RCC_AHBPeriphClockCmd   0x080009ed   0x20  Code  Gb  stm32f0xx_rcc.o [1]
RCC_APB1PeriphClockCmd  0x08000a2d   0x20  Code  Gb  stm32f0xx_rcc.o [1]
RCC_APB2PeriphClockCmd  0x08000a0d   0x20  Code  Gb  stm32f0xx_rcc.o [1]
RCC_GetClocksFreq       0x080007e9  0x200  Code  Gb  stm32f0xx_rcc.o [1]
Region$$Table$$Base     0x080012dc          --   Gb  - Linker created -
Region$$Table$$Limit    0x08001300          --   Gb  - Linker created -
SVC_Handler             0x080013d7    0x2  Code  Gb  stm32f0xx_it.o [1]
SetSysClock             0x080010c7   0xbe  Code  Lc  system_stm32f0xx.o [1]
SysTick_Config          0x08000145   0x30  Code  Lc  main.o [1]
SysTick_Handler         0x080013db    0x2  Code  Gb  stm32f0xx_it.o [1]
SystemInit              0x08001059   0x6e  Code  Gb  system_stm32f0xx.o [1]
UART1_init              0x08000327   0x50  Code  Gb  main.o [1]
UART1_send_byte         0x08000377   0x1e  Code  Gb  main.o [1]
UART2_init              0x08000399   0x50  Code  Gb  main.o [1]
UART2_send_byte         0x080003e9   0x1e  Code  Gb  main.o [1]
UART2_send_string       0x0800041d   0x16  Code  Gb  main.o [1]
USART1_IRQHandler       0x080006c5   0x56  Code  Gb  main.o [1]
USART2_IRQHandler       0x0800072d   0x5c  Code  Gb  main.o [1]
USART_ClearITPendingBit
                        0x08000dc9    0xe  Code  Gb  stm32f0xx_usart.o [1]
USART_Cmd               0x08000cc7   0x1c  Code  Gb  stm32f0xx_usart.o [1]
USART_GetFlagStatus     0x08000d51   0x18  Code  Gb  stm32f0xx_usart.o [1]
USART_GetITStatus       0x08000d69   0x60  Code  Gb  stm32f0xx_usart.o [1]
USART_ITConfig          0x08000d11   0x40  Code  Gb  stm32f0xx_usart.o [1]
USART_Init              0x08000bfd   0xca  Code  Gb  stm32f0xx_usart.o [1]
USART_ReceiveData       0x08000cf9    0x8  Code  Gb  stm32f0xx_usart.o [1]
USART_SendData          0x08000cf1    0x8  Code  Gb  stm32f0xx_usart.o [1]
_PrintfTiny             0x08000ed9  0x16a  Code  Gb  xprintftiny.o [3]
_SProut                 0x08000b7f    0xa  Code  Gb  xsprout.o [3]
__ICFEDIT_region_RAM_end__ {Abs}
                        0x20001fff          --   Gb  command line/config [2]
__ICFEDIT_region_RAM_start__ {Abs}
                        0x20000000          --   Gb  command line/config [2]
__aeabi_idiv0           0x08001045         Code  Gb  IntDivZer.o [4]
__aeabi_uidiv           0x08000e11         Code  Gb  I32DivModFast.o [4]
__aeabi_uidivmod        0x08000e11         Code  Gb  I32DivModFast.o [4]
__cmain                 0x08001341         Code  Gb  cmain.o [4]
__exit                  0x08001375   0x14  Code  Gb  exit.o [5]
__iar_copy_init3        0x08001235   0x30  Code  Gb  copy_init3.o [4]
__iar_data_init3        0x08001291   0x28  Code  Gb  data_init.o [4]
__iar_program_start     0x080013dd         Code  Gb  cstartup_M.o [4]
__iar_zero_init3        0x080011f9   0x3c  Code  Gb  zero_init3.o [4]
__low_level_init        0x0800135b    0x4  Code  Gb  low_level_init.o [3]
__vector_table          0x08000000         Data  Gb  startup_stm32f0xx.o [1]
_call_main              0x0800134d         Code  Gb  cmain.o [4]
_exit                   0x08001369         Code  Gb  cexit.o [4]
_main                   0x08001357         Code  Gb  cmain.o [4]
buff_find               0x08000175   0x48  Code  Gb  main.o [1]
delay_ms                0x080001bd   0x1a  Code  Gb  main.o [1]
exit                    0x0800135f    0x8  Code  Gb  exit.o [3]
gprs_rx                 0x20000010  0x800  Data  Gb  main.o [1]
gprs_rxi                0x20001414    0x4  Data  Gb  main.o [1]
gprs_setup_connection   0x08000433  0x16a  Code  Gb  main.o [1]
gprs_step               0x20001410    0x4  Data  Gb  main.o [1]
gprs_tx                 0x20000810  0x800  Data  Gb  main.o [1]
gprs_txi                0x20001418    0x4  Data  Gb  main.o [1]
main                    0x08000663   0x4a  Code  Gb  main.o [1]
out                     0x08000ebf   0x1a  Code  Lc  xprintftiny.o [3]
qxwz_soc_create         0x0800065b    0x8  Code  Gb  main.o [1]
send_step               0x2000141c    0x4  Data  Gb  main.o [1]
send_steps              0x080005b1   0xaa  Code  Gb  main.o [1]
sprintf                 0x08000dd9   0x38  Code  Gb  sprintf.o [3]
strbuf                  0x20001010  0x400  Data  Gb  main.o [1]
strlen                  0x08001047   0x10  Code  Gb  strlen.o [4]
uart1_gp                0x20001420    0x1  Data  Gb  main.o [1]
uart2_gp                0x20001421    0x1  Data  Gb  main.o [1]


[1] = C:\Users\Wei\Desktop\ntrip_wei\EWARM\Debug\Obj
[2] = command line
[3] = dl6M_tln.a
[4] = rt6M_tl.a
[5] = shb_l.a

  4 888 bytes of readonly  code memory
    300 bytes of readonly  data memory
  7 202 bytes of readwrite data memory

Errors: none
Warnings: none
